
LAPTOP@Anjan_Kailash MINGW64 ~/Desktop/PythonProject/quiz/src (master)
$ git init
Initialized empty Git repository in C:/Users/LAPTOP/Desktop/PythonProject/quiz/src/.git/

LAPTOP@Anjan_Kailash MINGW64 ~/Desktop/PythonProject/quiz/src (master)
$ git status
On branch master

Initial commit

Untracked files:
  (use "git add <file>..." to include in what will be committed)

        New Text Document.txt
        createquizs/
        db.sqlite3
        manage.py
        newsletter/
        quiz/
        templates/

nothing added to commit but untracked files present (use "git add" to track)

LAPTOP@Anjan_Kailash MINGW64 ~/Desktop/PythonProject/quiz/src (master)
$ git add .
warning: LF will be replaced by CRLF in createquizs/admin.py.
The file will have its original line endings in your working directory.
warning: LF will be replaced by CRLF in createquizs/migrations/0001_initial.py.
The file will have its original line endings in your working directory.
warning: LF will be replaced by CRLF in createquizs/models.py.
The file will have its original line endings in your working directory.
warning: LF will be replaced by CRLF in createquizs/tests.py.
The file will have its original line endings in your working directory.
warning: LF will be replaced by CRLF in createquizs/views.py.
The file will have its original line endings in your working directory.
warning: LF will be replaced by CRLF in manage.py.
The file will have its original line endings in your working directory.
warning: LF will be replaced by CRLF in newsletter/admin.py.
The file will have its original line endings in your working directory.
warning: LF will be replaced by CRLF in newsletter/migrations/0001_initial.py.
The file will have its original line endings in your working directory.
warning: LF will be replaced by CRLF in newsletter/migrations/0002_auto_20151123_1124.py.
The file will have its original line endings in your working directory.
warning: LF will be replaced by CRLF in newsletter/models.py.
The file will have its original line endings in your working directory.
warning: LF will be replaced by CRLF in newsletter/tests.py.
The file will have its original line endings in your working directory.
warning: LF will be replaced by CRLF in newsletter/views.py.
The file will have its original line endings in your working directory.
warning: LF will be replaced by CRLF in quiz/settings.py.
The file will have its original line endings in your working directory.
warning: LF will be replaced by CRLF in quiz/urls.py.
The file will have its original line endings in your working directory.
warning: LF will be replaced by CRLF in quiz/wsgi.py.
The file will have its original line endings in your working directory.

LAPTOP@Anjan_Kailash MINGW64 ~/Desktop/PythonProject/quiz/src (master)
$ git status
On branch master

Initial commit

Changes to be committed:
  (use "git rm --cached <file>..." to unstage)

        new file:   New Text Document.txt
        new file:   createquizs/__init__.py
        new file:   createquizs/__init__.pyc
        new file:   createquizs/admin.py
        new file:   createquizs/admin.pyc
        new file:   createquizs/migrations/0001_initial.py
        new file:   createquizs/migrations/0001_initial.pyc
        new file:   createquizs/migrations/__init__.py
        new file:   createquizs/migrations/__init__.pyc
        new file:   createquizs/models.py
        new file:   createquizs/models.pyc
        new file:   createquizs/tests.py
        new file:   createquizs/views.py
        new file:   db.sqlite3
        new file:   manage.py
        new file:   newsletter/__init__.py
        new file:   newsletter/__init__.pyc
        new file:   newsletter/admin.py
        new file:   newsletter/admin.pyc
        new file:   newsletter/forms.py
        new file:   newsletter/forms.pyc
        new file:   newsletter/migrations/0001_initial.py
        new file:   newsletter/migrations/0001_initial.pyc
        new file:   newsletter/migrations/0002_auto_20151123_1124.py
        new file:   newsletter/migrations/0002_auto_20151123_1124.pyc
        new file:   newsletter/migrations/__init__.py
        new file:   newsletter/migrations/__init__.pyc
        new file:   newsletter/models.py
        new file:   newsletter/models.pyc
        new file:   newsletter/tests.py
        new file:   newsletter/views.py
        new file:   newsletter/views.pyc
        new file:   quiz/__init__.py
        new file:   quiz/__init__.pyc
        new file:   quiz/settings.py
        new file:   quiz/settings.pyc
        new file:   quiz/urls.py
        new file:   quiz/urls.pyc
        new file:   quiz/wsgi.py
        new file:   quiz/wsgi.pyc
        new file:   templates/addquetions.html
        new file:   templates/forms.html
        new file:   templates/home.html


LAPTOP@Anjan_Kailash MINGW64 ~/Desktop/PythonProject/quiz/src (master)
$ git commit --m "added quiz project"
[master (root-commit) cd4df0e] added quiz project
warning: LF will be replaced by CRLF in createquizs/admin.py.
The file will have its original line endings in your working directory.
warning: LF will be replaced by CRLF in createquizs/migrations/0001_initial.py.
The file will have its original line endings in your working directory.
warning: LF will be replaced by CRLF in createquizs/models.py.
The file will have its original line endings in your working directory.
warning: LF will be replaced by CRLF in createquizs/tests.py.
The file will have its original line endings in your working directory.
warning: LF will be replaced by CRLF in createquizs/views.py.
The file will have its original line endings in your working directory.
warning: LF will be replaced by CRLF in manage.py.
The file will have its original line endings in your working directory.
warning: LF will be replaced by CRLF in newsletter/admin.py.
The file will have its original line endings in your working directory.
warning: LF will be replaced by CRLF in newsletter/migrations/0001_initial.py.
The file will have its original line endings in your working directory.
warning: LF will be replaced by CRLF in newsletter/migrations/0002_auto_20151123_1124.py.
The file will have its original line endings in your working directory.
warning: LF will be replaced by CRLF in newsletter/models.py.
The file will have its original line endings in your working directory.
warning: LF will be replaced by CRLF in newsletter/tests.py.
The file will have its original line endings in your working directory.
warning: LF will be replaced by CRLF in newsletter/views.py.
The file will have its original line endings in your working directory.
warning: LF will be replaced by CRLF in quiz/settings.py.
The file will have its original line endings in your working directory.
warning: LF will be replaced by CRLF in quiz/urls.py.
The file will have its original line endings in your working directory.
warning: LF will be replaced by CRLF in quiz/wsgi.py.
The file will have its original line endings in your working directory.
 43 files changed, 409 insertions(+)
 create mode 100644 New Text Document.txt
 create mode 100644 createquizs/__init__.py
 create mode 100644 createquizs/__init__.pyc
 create mode 100644 createquizs/admin.py
 create mode 100644 createquizs/admin.pyc
 create mode 100644 createquizs/migrations/0001_initial.py
 create mode 100644 createquizs/migrations/0001_initial.pyc
 create mode 100644 createquizs/migrations/__init__.py
 create mode 100644 createquizs/migrations/__init__.pyc
 create mode 100644 createquizs/models.py
 create mode 100644 createquizs/models.pyc
 create mode 100644 createquizs/tests.py
 create mode 100644 createquizs/views.py
 create mode 100644 db.sqlite3
 create mode 100644 manage.py
 create mode 100644 newsletter/__init__.py
 create mode 100644 newsletter/__init__.pyc
 create mode 100644 newsletter/admin.py
 create mode 100644 newsletter/admin.pyc
 create mode 100644 newsletter/forms.py
 create mode 100644 newsletter/forms.pyc
 create mode 100644 newsletter/migrations/0001_initial.py
 create mode 100644 newsletter/migrations/0001_initial.pyc
 create mode 100644 newsletter/migrations/0002_auto_20151123_1124.py
 create mode 100644 newsletter/migrations/0002_auto_20151123_1124.pyc
 create mode 100644 newsletter/migrations/__init__.py
 create mode 100644 newsletter/migrations/__init__.pyc
 create mode 100644 newsletter/models.py
 create mode 100644 newsletter/models.pyc
 create mode 100644 newsletter/tests.py
 create mode 100644 newsletter/views.py
 create mode 100644 newsletter/views.pyc
 create mode 100644 quiz/__init__.py
 create mode 100644 quiz/__init__.pyc
 create mode 100644 quiz/settings.py
 create mode 100644 quiz/settings.pyc
 create mode 100644 quiz/urls.py
 create mode 100644 quiz/urls.pyc
 create mode 100644 quiz/wsgi.py
 create mode 100644 quiz/wsgi.pyc
 create mode 100644 templates/addquetions.html
 create mode 100644 templates/forms.html
 create mode 100644 templates/home.html

LAPTOP@Anjan_Kailash MINGW64 ~/Desktop/PythonProject/quiz/src (master)
$ ^C

LAPTOP@Anjan_Kailash MINGW64 ~/Desktop/PythonProject/quiz/src (master)
$ git init
Reinitialized existing Git repository in C:/Users/LAPTOP/Desktop/PythonProject/quiz/src/.git/

LAPTOP@Anjan_Kailash MINGW64 ~/Desktop/PythonProject/quiz/src (master)
$ git status
On branch master
nothing to commit, working directory clean

LAPTOP@Anjan_Kailash MINGW64 ~/Desktop/PythonProject/quiz/src (master)
$ ^C

LAPTOP@Anjan_Kailash MINGW64 ~/Desktop/PythonProject/quiz/src (master)
$ git init
Reinitialized existing Git repository in C:/Users/LAPTOP/Desktop/PythonProject/quiz/src/.git/

LAPTOP@Anjan_Kailash MINGW64 ~/Desktop/PythonProject/quiz/src (master)
$ git push origin master
fatal: 'origin' does not appear to be a git repository
fatal: Could not read from remote repository.

Please make sure you have the correct access rights
and the repository exists.

LAPTOP@Anjan_Kailash MINGW64 ~/Desktop/PythonProject/quiz/src (master)
$ git init
Reinitialized existing Git repository in C:/Users/LAPTOP/Desktop/PythonProject/quiz/src/.git/

LAPTOP@Anjan_Kailash MINGW64 ~/Desktop/PythonProject/quiz/src (master)
$ git status
On branch master
nothing to commit, working directory clean

LAPTOP@Anjan_Kailash MINGW64 ~/Desktop/PythonProject/quiz/src (master)
$ git log
commit cd4df0e50a20c64086a37f85ba2ba9286f9aad45
Author: AnjanKailash <anjan.kailash@gmail.com>
Date:   Mon Nov 23 14:53:32 2015 +0530

    added quiz project

LAPTOP@Anjan_Kailash MINGW64 ~/Desktop/PythonProject/quiz/src (master)
